// Jest Snapshot v1, https://goo.gl/fbAQLP

exports[`CreateTaxonomyNode component should render no selects if there is no type provided 1`] = `
<div>
  <div>
    <h2>
      Create Taxonomy Node
    </h2>
    <button
      class="MuiButtonBase-root MuiButton-root MuiButton-contained MuiButton-containedPrimary MuiButton-sizeMedium MuiButton-containedSizeMedium Mui-disabled MuiButton-root MuiButton-contained MuiButton-containedPrimary MuiButton-sizeMedium MuiButton-containedSizeMedium css-sghohy-MuiButtonBase-root-MuiButton-root"
      disabled=""
      tabindex="-1"
      type="button"
    >
      Add Taxonomy Node
    </button>
  </div>
</div>
`;

exports[`CreateTaxonomyNode component should render selects for each type correctly 1`] = `
<div>
  <div>
    <h2>
      Create Taxonomy Node
    </h2>
    <div>
      <label
        class="MuiFormLabel-root MuiInputLabel-root MuiInputLabel-animated MuiFormLabel-colorPrimary MuiInputLabel-root MuiInputLabel-animated css-9npbnl-MuiFormLabel-root-MuiInputLabel-root"
        id="demo-simple-select-label"
      >
        type1
      </label>
      <div
        class="MuiInputBase-root MuiOutlinedInput-root MuiInputBase-colorPrimary  css-1yk1gt9-MuiInputBase-root-MuiOutlinedInput-root-MuiSelect-root"
      >
        <select
          class="MuiNativeSelect-select MuiNativeSelect-outlined MuiInputBase-input MuiOutlinedInput-input css-ffg8md-MuiNativeSelect-select-MuiInputBase-input-MuiOutlinedInput-input"
          id="type1"
        >
          <option
            value=""
          />
          <option
            value="value1"
          >
            value1
          </option>
          <option
            value="value2"
          >
            value2
          </option>
        </select>
        <svg
          aria-hidden="true"
          class="MuiSvgIcon-root MuiSvgIcon-fontSizeMedium MuiNativeSelect-icon MuiNativeSelect-iconOutlined css-1g12qau-MuiSvgIcon-root-MuiNativeSelect-icon"
          data-testid="ArrowDropDownIcon"
          focusable="false"
          viewBox="0 0 24 24"
        >
          <path
            d="M7 10l5 5 5-5z"
          />
        </svg>
        <fieldset
          aria-hidden="true"
          class="MuiOutlinedInput-notchedOutline css-1d3z3hw-MuiOutlinedInput-notchedOutline"
        >
          <legend
            class="css-yjsfm1"
          >
            <span>
              type1
            </span>
          </legend>
        </fieldset>
      </div>
    </div>
    <div>
      <label
        class="MuiFormLabel-root MuiInputLabel-root MuiInputLabel-animated MuiFormLabel-colorPrimary MuiInputLabel-root MuiInputLabel-animated css-9npbnl-MuiFormLabel-root-MuiInputLabel-root"
        id="demo-simple-select-label"
      >
        type2
      </label>
      <div
        class="MuiInputBase-root MuiOutlinedInput-root MuiInputBase-colorPrimary  css-1yk1gt9-MuiInputBase-root-MuiOutlinedInput-root-MuiSelect-root"
      >
        <select
          class="MuiNativeSelect-select MuiNativeSelect-outlined MuiInputBase-input MuiOutlinedInput-input css-ffg8md-MuiNativeSelect-select-MuiInputBase-input-MuiOutlinedInput-input"
          id="type2"
        >
          <option
            value=""
          />
          <option
            value="value3"
          >
            value3
          </option>
        </select>
        <svg
          aria-hidden="true"
          class="MuiSvgIcon-root MuiSvgIcon-fontSizeMedium MuiNativeSelect-icon MuiNativeSelect-iconOutlined css-1g12qau-MuiSvgIcon-root-MuiNativeSelect-icon"
          data-testid="ArrowDropDownIcon"
          focusable="false"
          viewBox="0 0 24 24"
        >
          <path
            d="M7 10l5 5 5-5z"
          />
        </svg>
        <fieldset
          aria-hidden="true"
          class="MuiOutlinedInput-notchedOutline css-1d3z3hw-MuiOutlinedInput-notchedOutline"
        >
          <legend
            class="css-yjsfm1"
          >
            <span>
              type2
            </span>
          </legend>
        </fieldset>
      </div>
    </div>
    <button
      class="MuiButtonBase-root MuiButton-root MuiButton-contained MuiButton-containedPrimary MuiButton-sizeMedium MuiButton-containedSizeMedium Mui-disabled MuiButton-root MuiButton-contained MuiButton-containedPrimary MuiButton-sizeMedium MuiButton-containedSizeMedium css-sghohy-MuiButtonBase-root-MuiButton-root"
      disabled=""
      tabindex="-1"
      type="button"
    >
      Add Taxonomy Node
    </button>
  </div>
</div>
`;
